C:/Users/Marouene/Desktop/MyApplication_2KbalElTabdil_el7ala_mad3ouka-20230420T143908Z-001/MyApplication_2KbalElTabdil_el7ala_mad3ouka/Middlewares/Third_Party/LibJPEG/source/jctrans.c:221:1:start_iMCU_row	0	static
C:/Users/Marouene/Desktop/MyApplication_2KbalElTabdil_el7ala_mad3ouka-20230420T143908Z-001/MyApplication_2KbalElTabdil_el7ala_mad3ouka/Middlewares/Third_Party/LibJPEG/source/jctrans.c:249:1:start_pass_coef	16	static
C:/Users/Marouene/Desktop/MyApplication_2KbalElTabdil_el7ala_mad3ouka-20230420T143908Z-001/MyApplication_2KbalElTabdil_el7ala_mad3ouka/Middlewares/Third_Party/LibJPEG/source/jctrans.c:272:1:compress_output	152	static
C:/Users/Marouene/Desktop/MyApplication_2KbalElTabdil_el7ala_mad3ouka-20230420T143908Z-001/MyApplication_2KbalElTabdil_el7ala_mad3ouka/Middlewares/Third_Party/LibJPEG/source/jctrans.c:39:1:jpeg_write_coefficients	16	static
C:/Users/Marouene/Desktop/MyApplication_2KbalElTabdil_el7ala_mad3ouka-20230420T143908Z-001/MyApplication_2KbalElTabdil_el7ala_mad3ouka/Middlewares/Third_Party/LibJPEG/source/jctrans.c:64:1:jpeg_copy_critical_parameters	48	static
