C:/Users/Marouene/Desktop/MyApplication_2KbalElTabdil_el7ala_mad3ouka-20230420T143908Z-001/MyApplication_2KbalElTabdil_el7ala_mad3ouka/Middlewares/Third_Party/LibJPEG/source/jdatasrc.c:46:1:init_source	0	static
C:/Users/Marouene/Desktop/MyApplication_2KbalElTabdil_el7ala_mad3ouka-20230420T143908Z-001/MyApplication_2KbalElTabdil_el7ala_mad3ouka/Middlewares/Third_Party/LibJPEG/source/jdatasrc.c:59:1:init_mem_source	0	static
C:/Users/Marouene/Desktop/MyApplication_2KbalElTabdil_el7ala_mad3ouka-20230420T143908Z-001/MyApplication_2KbalElTabdil_el7ala_mad3ouka/Middlewares/Third_Party/LibJPEG/source/jdatasrc.c:125:1:fill_mem_input_buffer	8	static
C:/Users/Marouene/Desktop/MyApplication_2KbalElTabdil_el7ala_mad3ouka-20230420T143908Z-001/MyApplication_2KbalElTabdil_el7ala_mad3ouka/Middlewares/Third_Party/LibJPEG/source/jdatasrc.c:159:1:skip_input_data	16	static
C:/Users/Marouene/Desktop/MyApplication_2KbalElTabdil_el7ala_mad3ouka-20230420T143908Z-001/MyApplication_2KbalElTabdil_el7ala_mad3ouka/Middlewares/Third_Party/LibJPEG/source/jdatasrc.c:99:1:fill_input_buffer	16	static
C:/Users/Marouene/Desktop/MyApplication_2KbalElTabdil_el7ala_mad3ouka-20230420T143908Z-001/MyApplication_2KbalElTabdil_el7ala_mad3ouka/Middlewares/Third_Party/LibJPEG/source/jdatasrc.c:200:1:term_source	0	static
C:/Users/Marouene/Desktop/MyApplication_2KbalElTabdil_el7ala_mad3ouka-20230420T143908Z-001/MyApplication_2KbalElTabdil_el7ala_mad3ouka/Middlewares/Third_Party/LibJPEG/source/jdatasrc.c:213:1:jpeg_stdio_src	24	static
C:/Users/Marouene/Desktop/MyApplication_2KbalElTabdil_el7ala_mad3ouka-20230420T143908Z-001/MyApplication_2KbalElTabdil_el7ala_mad3ouka/Middlewares/Third_Party/LibJPEG/source/jdatasrc.c:252:1:jpeg_mem_src	16	static
