Screen.hpp:104:18:virtual void touchgfx::Screen::afterTransition()	0	static
Screen.hpp:144:18:virtual void touchgfx::Screen::handleTickEvent()	0	static
Screen.hpp:154:18:virtual void touchgfx::Screen::handleKeyEvent(uint8_t)	0	static
Screen5View.hpp:11:13:Screen5View::~Screen5View()	0	static
Screen5View.cpp:13:6:virtual void Screen5View::tearDownScreen()	0	static
Screen5View.cpp:18:6:virtual void Screen5View::ChooseS1()	0	static
Screen5View.cpp:22:6:virtual void Screen5View::ChooseS2()	0	static
Screen5View.cpp:26:6:virtual void Screen5View::ChooseS3()	0	static
Screen5View.cpp:30:6:virtual void Screen5View::ChooseS4()	0	static
Screen5View.cpp:8:6:virtual void Screen5View::setupScreen()	0	static
Screen5View.hpp:11:13:virtual Screen5View::~Screen5View()	8	static
Screen5View.cpp:3:1:Screen5View::Screen5View()	8	static
