../../Middlewares/ST/touchgfx/framework/include/touchgfx/Screen.hpp:104:18:virtual void touchgfx::Screen::afterTransition()	0	static
../../Middlewares/ST/touchgfx/framework/include/touchgfx/Screen.hpp:144:18:virtual void touchgfx::Screen::handleTickEvent()	0	static
../../Middlewares/ST/touchgfx/framework/include/touchgfx/Screen.hpp:154:18:virtual void touchgfx::Screen::handleKeyEvent(uint8_t)	0	static
C:/Users/Marouene/Desktop/MyApplication_2KbalElTabdil_el7ala_mad3ouka-20230420T143908Z-001/MyApplication_2KbalElTabdil_el7ala_mad3ouka/TouchGFX/gui/src/screen1_1_screen/Screen1_1View.cpp:13:6:virtual void Screen1_1View::tearDownScreen()	0	static
../../TouchGFX/gui/include/gui/screen1_1_screen/Screen1_1View.hpp:11:13:Screen1_1View::~Screen1_1View()	8	static
../../TouchGFX/gui/include/gui/screen1_1_screen/Screen1_1View.hpp:11:13:virtual Screen1_1View::~Screen1_1View()	8	static
C:/Users/Marouene/Desktop/MyApplication_2KbalElTabdil_el7ala_mad3ouka-20230420T143908Z-001/MyApplication_2KbalElTabdil_el7ala_mad3ouka/TouchGFX/gui/src/screen1_1_screen/Screen1_1View.cpp:3:1:Screen1_1View::Screen1_1View()	8	static
C:/Users/Marouene/Desktop/MyApplication_2KbalElTabdil_el7ala_mad3ouka-20230420T143908Z-001/MyApplication_2KbalElTabdil_el7ala_mad3ouka/TouchGFX/gui/src/screen1_1_screen/Screen1_1View.cpp:8:6:virtual void Screen1_1View::setupScreen()	0	static
