../../Middlewares/ST/touchgfx/framework/include/touchgfx/Screen.hpp:154:18:virtual void touchgfx::Screen::handleKeyEvent(uint8_t)	0	static
C:/Users/Marouene/Desktop/MyApplication_2KbalElTabdil_el7ala_mad3ouka-20230420T143908Z-001/MyApplication_2KbalElTabdil_el7ala_mad3ouka/TouchGFX/gui/src/screen2_screen/Screen2View.cpp:13:6:virtual void Screen2View::tearDownScreen()	0	static
C:/Users/Marouene/Desktop/MyApplication_2KbalElTabdil_el7ala_mad3ouka-20230420T143908Z-001/MyApplication_2KbalElTabdil_el7ala_mad3ouka/TouchGFX/gui/src/screen2_screen/Screen2View.cpp:135:7:virtual void Screen2View::ChangeE()	0	static
C:/Users/Marouene/Desktop/MyApplication_2KbalElTabdil_el7ala_mad3ouka-20230420T143908Z-001/MyApplication_2KbalElTabdil_el7ala_mad3ouka/TouchGFX/gui/src/screen2_screen/Screen2View.cpp:139:7:virtual void Screen2View::ChangeRW()	0	static
C:/Users/Marouene/Desktop/MyApplication_2KbalElTabdil_el7ala_mad3ouka-20230420T143908Z-001/MyApplication_2KbalElTabdil_el7ala_mad3ouka/TouchGFX/gui/src/screen2_screen/Screen2View.cpp:143:7:virtual void Screen2View::ChangeLW()	0	static
C:/Users/Marouene/Desktop/MyApplication_2KbalElTabdil_el7ala_mad3ouka-20230420T143908Z-001/MyApplication_2KbalElTabdil_el7ala_mad3ouka/TouchGFX/gui/src/screen2_screen/Screen2View.cpp:147:7:virtual void Screen2View::ChangeS()	0	static
C:/Users/Marouene/Desktop/MyApplication_2KbalElTabdil_el7ala_mad3ouka-20230420T143908Z-001/MyApplication_2KbalElTabdil_el7ala_mad3ouka/TouchGFX/gui/src/screen2_screen/Screen2View.cpp:162:6:virtual void Screen2View::SetTuningRobotSghir()	0	static
../../TouchGFX/gui/include/gui/screen2_screen/Screen2View.hpp:12:13:Screen2View::~Screen2View()	8	static
../../TouchGFX/gui/include/gui/screen2_screen/Screen2View.hpp:12:13:virtual Screen2View::~Screen2View()	8	static
C:/Users/Marouene/Desktop/MyApplication_2KbalElTabdil_el7ala_mad3ouka-20230420T143908Z-001/MyApplication_2KbalElTabdil_el7ala_mad3ouka/TouchGFX/gui/src/screen2_screen/Screen2View.cpp:3:1:Screen2View::Screen2View()	8	static
C:/Users/Marouene/Desktop/MyApplication_2KbalElTabdil_el7ala_mad3ouka-20230420T143908Z-001/MyApplication_2KbalElTabdil_el7ala_mad3ouka/TouchGFX/gui/src/screen2_screen/Screen2View.cpp:8:6:virtual void Screen2View::setupScreen()	0	static
C:/Users/Marouene/Desktop/MyApplication_2KbalElTabdil_el7ala_mad3ouka-20230420T143908Z-001/MyApplication_2KbalElTabdil_el7ala_mad3ouka/TouchGFX/gui/src/screen2_screen/Screen2View.cpp:29:6:virtual void Screen2View::p000001()	8	static
C:/Users/Marouene/Desktop/MyApplication_2KbalElTabdil_el7ala_mad3ouka-20230420T143908Z-001/MyApplication_2KbalElTabdil_el7ala_mad3ouka/TouchGFX/gui/src/screen2_screen/Screen2View.cpp:34:6:virtual void Screen2View::p00001()	8	static
C:/Users/Marouene/Desktop/MyApplication_2KbalElTabdil_el7ala_mad3ouka-20230420T143908Z-001/MyApplication_2KbalElTabdil_el7ala_mad3ouka/TouchGFX/gui/src/screen2_screen/Screen2View.cpp:39:6:virtual void Screen2View::p0001()	8	static
C:/Users/Marouene/Desktop/MyApplication_2KbalElTabdil_el7ala_mad3ouka-20230420T143908Z-001/MyApplication_2KbalElTabdil_el7ala_mad3ouka/TouchGFX/gui/src/screen2_screen/Screen2View.cpp:44:6:virtual void Screen2View::p001()	8	static
C:/Users/Marouene/Desktop/MyApplication_2KbalElTabdil_el7ala_mad3ouka-20230420T143908Z-001/MyApplication_2KbalElTabdil_el7ala_mad3ouka/TouchGFX/gui/src/screen2_screen/Screen2View.cpp:49:6:virtual void Screen2View::p01()	8	static
C:/Users/Marouene/Desktop/MyApplication_2KbalElTabdil_el7ala_mad3ouka-20230420T143908Z-001/MyApplication_2KbalElTabdil_el7ala_mad3ouka/TouchGFX/gui/src/screen2_screen/Screen2View.cpp:54:6:virtual void Screen2View::p1()	8	static
C:/Users/Marouene/Desktop/MyApplication_2KbalElTabdil_el7ala_mad3ouka-20230420T143908Z-001/MyApplication_2KbalElTabdil_el7ala_mad3ouka/TouchGFX/gui/src/screen2_screen/Screen2View.cpp:59:6:virtual void Screen2View::p10()	8	static
C:/Users/Marouene/Desktop/MyApplication_2KbalElTabdil_el7ala_mad3ouka-20230420T143908Z-001/MyApplication_2KbalElTabdil_el7ala_mad3ouka/TouchGFX/gui/src/screen2_screen/Screen2View.cpp:64:6:virtual void Screen2View::p100()	8	static
C:/Users/Marouene/Desktop/MyApplication_2KbalElTabdil_el7ala_mad3ouka-20230420T143908Z-001/MyApplication_2KbalElTabdil_el7ala_mad3ouka/TouchGFX/gui/src/screen2_screen/Screen2View.cpp:69:6:virtual void Screen2View::m000001()	8	static
C:/Users/Marouene/Desktop/MyApplication_2KbalElTabdil_el7ala_mad3ouka-20230420T143908Z-001/MyApplication_2KbalElTabdil_el7ala_mad3ouka/TouchGFX/gui/src/screen2_screen/Screen2View.cpp:77:6:virtual void Screen2View::m00001()	8	static
C:/Users/Marouene/Desktop/MyApplication_2KbalElTabdil_el7ala_mad3ouka-20230420T143908Z-001/MyApplication_2KbalElTabdil_el7ala_mad3ouka/TouchGFX/gui/src/screen2_screen/Screen2View.cpp:86:6:virtual void Screen2View::m0001()	8	static
C:/Users/Marouene/Desktop/MyApplication_2KbalElTabdil_el7ala_mad3ouka-20230420T143908Z-001/MyApplication_2KbalElTabdil_el7ala_mad3ouka/TouchGFX/gui/src/screen2_screen/Screen2View.cpp:94:6:virtual void Screen2View::m001()	8	static
C:/Users/Marouene/Desktop/MyApplication_2KbalElTabdil_el7ala_mad3ouka-20230420T143908Z-001/MyApplication_2KbalElTabdil_el7ala_mad3ouka/TouchGFX/gui/src/screen2_screen/Screen2View.cpp:103:6:virtual void Screen2View::m01()	8	static
C:/Users/Marouene/Desktop/MyApplication_2KbalElTabdil_el7ala_mad3ouka-20230420T143908Z-001/MyApplication_2KbalElTabdil_el7ala_mad3ouka/TouchGFX/gui/src/screen2_screen/Screen2View.cpp:111:6:virtual void Screen2View::m1()	8	static
C:/Users/Marouene/Desktop/MyApplication_2KbalElTabdil_el7ala_mad3ouka-20230420T143908Z-001/MyApplication_2KbalElTabdil_el7ala_mad3ouka/TouchGFX/gui/src/screen2_screen/Screen2View.cpp:119:6:virtual void Screen2View::m10()	8	static
C:/Users/Marouene/Desktop/MyApplication_2KbalElTabdil_el7ala_mad3ouka-20230420T143908Z-001/MyApplication_2KbalElTabdil_el7ala_mad3ouka/TouchGFX/gui/src/screen2_screen/Screen2View.cpp:127:6:virtual void Screen2View::m100()	8	static
C:/Users/Marouene/Desktop/MyApplication_2KbalElTabdil_el7ala_mad3ouka-20230420T143908Z-001/MyApplication_2KbalElTabdil_el7ala_mad3ouka/TouchGFX/gui/src/screen2_screen/Screen2View.cpp:150:6:virtual void Screen2View::handleTickEvent()	8	static
