../../Middlewares/ST/touchgfx/framework/include/touchgfx/Screen.hpp:144:18:virtual void touchgfx::Screen::handleTickEvent()	0	static
../../Middlewares/ST/touchgfx/framework/include/touchgfx/Screen.hpp:154:18:virtual void touchgfx::Screen::handleKeyEvent(uint8_t)	0	static
C:/Users/Marouene/Desktop/MyApplication_2KbalElTabdil_el7ala_mad3ouka-20230420T143908Z-001/MyApplication_2KbalElTabdil_el7ala_mad3ouka/TouchGFX/gui/src/screen1_screen/Screen1View.cpp:19:6:virtual void Screen1View::tearDownScreen()	0	static
../../TouchGFX/gui/include/gui/screen1_screen/Screen1View.hpp:11:13:Screen1View::~Screen1View()	8	static
../../TouchGFX/gui/include/gui/screen1_screen/Screen1View.hpp:11:13:virtual Screen1View::~Screen1View()	8	static
C:/Users/Marouene/Desktop/MyApplication_2KbalElTabdil_el7ala_mad3ouka-20230420T143908Z-001/MyApplication_2KbalElTabdil_el7ala_mad3ouka/TouchGFX/gui/src/screen1_screen/Screen1View.cpp:24:6:virtual void Screen1View::Reset()	0	static
C:/Users/Marouene/Desktop/MyApplication_2KbalElTabdil_el7ala_mad3ouka-20230420T143908Z-001/MyApplication_2KbalElTabdil_el7ala_mad3ouka/TouchGFX/gui/src/screen1_screen/Screen1View.cpp:9:1:Screen1View::Screen1View()	8	static
C:/Users/Marouene/Desktop/MyApplication_2KbalElTabdil_el7ala_mad3ouka-20230420T143908Z-001/MyApplication_2KbalElTabdil_el7ala_mad3ouka/TouchGFX/gui/src/screen1_screen/Screen1View.cpp:14:6:virtual void Screen1View::setupScreen()	0	static
