Screen.hpp:104:18:virtual void touchgfx::Screen::afterTransition()	0	static
Screen.hpp:144:18:virtual void touchgfx::Screen::handleTickEvent()	0	static
Screen.hpp:154:18:virtual void touchgfx::Screen::handleKeyEvent(uint8_t)	0	static
Screen9_1ViewBase.hpp:26:18:virtual void Screen9_1ViewBase::RightMotor()	0	static
Screen9_1ViewBase.hpp:31:18:virtual void Screen9_1ViewBase::LeftMotor()	0	static
Screen9_1ViewBase.hpp:36:18:virtual void Screen9_1ViewBase::Arm1Debug()	0	static
Screen9_1ViewBase.hpp:41:18:virtual void Screen9_1ViewBase::Arm2Debug()	0	static
Screen9_1ViewBase.hpp:46:18:virtual void Screen9_1ViewBase::Gliss1Debug()	0	static
Screen9_1ViewBase.hpp:51:18:virtual void Screen9_1ViewBase::Gliss2Debug()	0	static
Screen9_1ViewBase.hpp:56:18:virtual void Screen9_1ViewBase::Pompe1Debug()	0	static
Screen9_1ViewBase.hpp:61:18:virtual void Screen9_1ViewBase::Pompe2Debug()	0	static
Screen9_1View.hpp:11:13:Screen9_1View::~Screen9_1View()	0	static
Screen9_1View.cpp:13:6:virtual void Screen9_1View::tearDownScreen()	0	static
Screen9_1View.cpp:8:6:virtual void Screen9_1View::setupScreen()	0	static
Screen9_1View.hpp:11:13:virtual Screen9_1View::~Screen9_1View()	8	static
Screen9_1View.cpp:3:1:Screen9_1View::Screen9_1View()	8	static
