Application.hpp:74:18:virtual void touchgfx::Application::appSwitchScreen(uint8_t)	0	static
Application.hpp:86:18:virtual void touchgfx::Application::requestRedraw(touchgfx::Rect&)	0	static
Drawable.hpp:132:23:virtual touchgfx::Drawable* touchgfx::Drawable::getFirstChild()	0	static
Drawable.hpp:298:18:virtual void touchgfx::Drawable::setX(int16_t)	0	static
Drawable.hpp:310:18:virtual void touchgfx::Drawable::setY(int16_t)	0	static
Drawable.hpp:339:18:virtual void touchgfx::Drawable::setWidth(int16_t)	0	static
Drawable.hpp:351:18:virtual void touchgfx::Drawable::setHeight(int16_t)	0	static
Drawable.hpp:361:18:virtual void touchgfx::Drawable::childGeometryChanged()	0	static
Drawable.hpp:372:18:virtual void touchgfx::Drawable::handleClickEvent(const touchgfx::ClickEvent&)	0	static
Drawable.hpp:383:18:virtual void touchgfx::Drawable::handleGestureEvent(const touchgfx::GestureEvent&)	0	static
Drawable.hpp:471:18:virtual void touchgfx::Drawable::handleDragEvent(const touchgfx::DragEvent&)	0	static
Drawable.hpp:481:18:virtual void touchgfx::Drawable::handleTickEvent()	0	static
Drawable.hpp:568:18:virtual void touchgfx::Drawable::moveTo(int16_t, int16_t)	4	static
Drawable.hpp:683:18:virtual void touchgfx::Drawable::setupDrawChain(const touchgfx::Rect&, touchgfx::Drawable**)	0	static
Transition.hpp:71:18:virtual void touchgfx::Transition::tearDown()	0	static
Transition.hpp:79:18:virtual void touchgfx::Transition::init()	0	static
Transition.hpp:99:18:virtual void touchgfx::Transition::setScreenContainer(touchgfx::Container&)	0	static
MVPApplication.hpp:43:7:touchgfx::MVPApplication::~MVPApplication()	0	static
FrontendApplicationBase.hpp:16:13:FrontendApplicationBase::~FrontendApplicationBase()	0	static
NoTransition.hpp:35:18:virtual void touchgfx::NoTransition::handleTickEvent()	0	static
Widget.hpp:47:18:virtual void touchgfx::Widget::getLastChild(int16_t, int16_t, touchgfx::Drawable**)	0	static
WipeTransition.hpp:44:11:touchgfx::WipeTransition<touchgfx::EAST>::FullSolidRect::~FullSolidRect()	0	static
WipeTransition.hpp:44:11:touchgfx::WipeTransition<touchgfx::WEST>::FullSolidRect::~FullSolidRect()	0	static
WipeTransition.hpp:44:11:touchgfx::WipeTransition<touchgfx::NORTH>::FullSolidRect::~FullSolidRect()	0	static
WipeTransition.hpp:44:11:touchgfx::WipeTransition<touchgfx::SOUTH>::FullSolidRect::~FullSolidRect()	0	static
WipeTransition.hpp:38:7:touchgfx::WipeTransition<touchgfx::WEST>::~WipeTransition()	0	static
WipeTransition.hpp:38:7:touchgfx::WipeTransition<touchgfx::EAST>::~WipeTransition()	0	static
WipeTransition.hpp:38:7:touchgfx::WipeTransition<touchgfx::NORTH>::~WipeTransition()	0	static
WipeTransition.hpp:38:7:touchgfx::WipeTransition<touchgfx::SOUTH>::~WipeTransition()	0	static
NoTransition.hpp:31:7:touchgfx::NoTransition::~NoTransition()	0	static
Callback.hpp:424:8:touchgfx::Callback<FrontendApplicationBase>::~Callback()	0	static
WipeTransition.hpp:205:18:void touchgfx::WipeTransition<templateDirection>::tearDown() [with touchgfx::Direction templateDirection = touchgfx::WEST]	0	static
WipeTransition.hpp:210:18:void touchgfx::WipeTransition<templateDirection>::init() [with touchgfx::Direction templateDirection = touchgfx::WEST]	0	static
WipeTransition.hpp:221:18:void touchgfx::WipeTransition<templateDirection>::invalidate() [with touchgfx::Direction templateDirection = touchgfx::WEST]	0	static
WipeTransition.hpp:52:22:void touchgfx::WipeTransition<templateDirection>::FullSolidRect::draw(const touchgfx::Rect&) const [with touchgfx::Direction templateDirection = touchgfx::WEST]	0	static
WipeTransition.hpp:47:22:touchgfx::Rect touchgfx::WipeTransition<templateDirection>::FullSolidRect::getSolidRect() const [with touchgfx::Direction templateDirection = touchgfx::WEST]	8	static
WipeTransition.hpp:205:18:void touchgfx::WipeTransition<templateDirection>::tearDown() [with touchgfx::Direction templateDirection = touchgfx::EAST]	0	static
WipeTransition.hpp:210:18:void touchgfx::WipeTransition<templateDirection>::init() [with touchgfx::Direction templateDirection = touchgfx::EAST]	0	static
WipeTransition.hpp:221:18:void touchgfx::WipeTransition<templateDirection>::invalidate() [with touchgfx::Direction templateDirection = touchgfx::EAST]	0	static
WipeTransition.hpp:52:22:void touchgfx::WipeTransition<templateDirection>::FullSolidRect::draw(const touchgfx::Rect&) const [with touchgfx::Direction templateDirection = touchgfx::EAST]	0	static
WipeTransition.hpp:47:22:touchgfx::Rect touchgfx::WipeTransition<templateDirection>::FullSolidRect::getSolidRect() const [with touchgfx::Direction templateDirection = touchgfx::EAST]	8	static
WipeTransition.hpp:205:18:void touchgfx::WipeTransition<templateDirection>::tearDown() [with touchgfx::Direction templateDirection = touchgfx::NORTH]	0	static
WipeTransition.hpp:210:18:void touchgfx::WipeTransition<templateDirection>::init() [with touchgfx::Direction templateDirection = touchgfx::NORTH]	0	static
WipeTransition.hpp:221:18:void touchgfx::WipeTransition<templateDirection>::invalidate() [with touchgfx::Direction templateDirection = touchgfx::NORTH]	0	static
WipeTransition.hpp:52:22:void touchgfx::WipeTransition<templateDirection>::FullSolidRect::draw(const touchgfx::Rect&) const [with touchgfx::Direction templateDirection = touchgfx::NORTH]	0	static
WipeTransition.hpp:47:22:touchgfx::Rect touchgfx::WipeTransition<templateDirection>::FullSolidRect::getSolidRect() const [with touchgfx::Direction templateDirection = touchgfx::NORTH]	8	static
WipeTransition.hpp:205:18:void touchgfx::WipeTransition<templateDirection>::tearDown() [with touchgfx::Direction templateDirection = touchgfx::SOUTH]	0	static
WipeTransition.hpp:210:18:void touchgfx::WipeTransition<templateDirection>::init() [with touchgfx::Direction templateDirection = touchgfx::SOUTH]	0	static
WipeTransition.hpp:221:18:void touchgfx::WipeTransition<templateDirection>::invalidate() [with touchgfx::Direction templateDirection = touchgfx::SOUTH]	0	static
WipeTransition.hpp:52:22:void touchgfx::WipeTransition<templateDirection>::FullSolidRect::draw(const touchgfx::Rect&) const [with touchgfx::Direction templateDirection = touchgfx::SOUTH]	0	static
WipeTransition.hpp:47:22:touchgfx::Rect touchgfx::WipeTransition<templateDirection>::FullSolidRect::getSolidRect() const [with touchgfx::Direction templateDirection = touchgfx::SOUTH]	8	static
Callback.hpp:449:18:void touchgfx::Callback<dest_type, void, void, void>::execute() [with dest_type = FrontendApplicationBase]	4	static
Callback.hpp:459:18:bool touchgfx::Callback<dest_type, void, void, void>::isValid() const [with dest_type = FrontendApplicationBase]	0	static
NoTransition.hpp:31:7:virtual touchgfx::NoTransition::~NoTransition()	8	static
Callback.hpp:424:8:virtual touchgfx::Callback<FrontendApplicationBase>::~Callback()	8	static
MVPApplication.hpp:43:7:virtual touchgfx::MVPApplication::~MVPApplication()	8	static
FrontendApplicationBase.hpp:16:13:virtual FrontendApplicationBase::~FrontendApplicationBase()	8	static
WipeTransition.hpp:38:7:virtual touchgfx::WipeTransition<touchgfx::WEST>::~WipeTransition()	8	static
WipeTransition.hpp:44:11:virtual touchgfx::WipeTransition<touchgfx::WEST>::FullSolidRect::~FullSolidRect()	8	static
WipeTransition.hpp:38:7:virtual touchgfx::WipeTransition<touchgfx::EAST>::~WipeTransition()	8	static
WipeTransition.hpp:44:11:virtual touchgfx::WipeTransition<touchgfx::EAST>::FullSolidRect::~FullSolidRect()	8	static
WipeTransition.hpp:38:7:virtual touchgfx::WipeTransition<touchgfx::NORTH>::~WipeTransition()	8	static
WipeTransition.hpp:44:11:virtual touchgfx::WipeTransition<touchgfx::NORTH>::FullSolidRect::~FullSolidRect()	8	static
WipeTransition.hpp:38:7:virtual touchgfx::WipeTransition<touchgfx::SOUTH>::~WipeTransition()	8	static
WipeTransition.hpp:44:11:virtual touchgfx::WipeTransition<touchgfx::SOUTH>::FullSolidRect::~FullSolidRect()	8	static
Transition.hpp:88:18:virtual void touchgfx::Transition::invalidate()	8	static
MVPApplication.hpp:59:18:virtual void touchgfx::MVPApplication::handlePendingScreenTransition()	8	static
Drawable.hpp:48:5:touchgfx::Drawable::Drawable()	0	static
Drawable.hpp:326:10:void touchgfx::Drawable::setXY(int16_t, int16_t)	16	static
Drawable.hpp:394:10:void touchgfx::Drawable::setWidthHeight(int16_t, int16_t)	16	static
HAL.hpp:246:17:static touchgfx::LCD& touchgfx::HAL::lcd()	0	static
WipeTransition.hpp:93:18:void touchgfx::WipeTransition<templateDirection>::handleTickEvent() [with touchgfx::Direction templateDirection = touchgfx::WEST]	56	static
WipeTransition.hpp:93:18:void touchgfx::WipeTransition<templateDirection>::handleTickEvent() [with touchgfx::Direction templateDirection = touchgfx::EAST]	56	static
WipeTransition.hpp:93:18:void touchgfx::WipeTransition<templateDirection>::handleTickEvent() [with touchgfx::Direction templateDirection = touchgfx::NORTH]	56	static
WipeTransition.hpp:93:18:void touchgfx::WipeTransition<templateDirection>::handleTickEvent() [with touchgfx::Direction templateDirection = touchgfx::SOUTH]	56	static
FrontendApplicationBase.cpp:41:1:FrontendApplicationBase::FrontendApplicationBase(Model&, FrontendHeap&)	24	static
FrontendApplicationBase.cpp:58:6:void FrontendApplicationBase::gotoScreen1ScreenNoTransition()	0	static
FrontendApplicationBase.cpp:69:6:void FrontendApplicationBase::gotoScreen1ScreenWipeTransitionEast()	0	static
FrontendApplicationBase.cpp:80:6:void FrontendApplicationBase::gotoScreen1ScreenWipeTransitionWest()	0	static
FrontendApplicationBase.cpp:91:6:void FrontendApplicationBase::gotoScreen1ScreenWipeTransitionNorth()	0	static
FrontendApplicationBase.cpp:104:6:void FrontendApplicationBase::gotoScreen1_1ScreenWipeTransitionWest()	0	static
FrontendApplicationBase.cpp:117:6:void FrontendApplicationBase::gotoScreen1_1_1ScreenWipeTransitionEast()	0	static
FrontendApplicationBase.cpp:130:6:void FrontendApplicationBase::gotoScreen2ScreenWipeTransitionWest()	0	static
FrontendApplicationBase.cpp:143:6:void FrontendApplicationBase::gotoScreen3ScreenWipeTransitionEast()	0	static
FrontendApplicationBase.cpp:156:6:void FrontendApplicationBase::gotoScreen4ScreenWipeTransitionSouth()	0	static
FrontendApplicationBase.cpp:167:6:void FrontendApplicationBase::gotoScreen4ScreenWipeTransitionNorth()	0	static
FrontendApplicationBase.cpp:180:6:void FrontendApplicationBase::gotoScreen5ScreenWipeTransitionSouth()	0	static
FrontendApplicationBase.cpp:191:6:void FrontendApplicationBase::gotoScreen5ScreenWipeTransitionNorth()	0	static
FrontendApplicationBase.cpp:204:6:void FrontendApplicationBase::gotoScreen5_1ScreenWipeTransitionSouth()	0	static
FrontendApplicationBase.cpp:217:6:void FrontendApplicationBase::gotoScreen6ScreenWipeTransitionSouth()	0	static
FrontendApplicationBase.cpp:230:6:void FrontendApplicationBase::gotoScreen7ScreenWipeTransitionNorth()	0	static
FrontendApplicationBase.cpp:243:6:void FrontendApplicationBase::gotoScreen8ScreenWipeTransitionNorth()	0	static
FrontendApplicationBase.cpp:254:6:void FrontendApplicationBase::gotoScreen8ScreenWipeTransitionEast()	0	static
FrontendApplicationBase.cpp:267:6:void FrontendApplicationBase::gotoScreen9ScreenWipeTransitionEast()	0	static
FrontendApplicationBase.cpp:280:6:void FrontendApplicationBase::gotoScreen9_1ScreenWipeTransitionWest()	0	static
AbstractPartition.hpp:135:8:T& touchgfx::AbstractPartition::at(uint16_t) [with T = Screen1View]	0	static
AbstractPartition.hpp:135:8:T& touchgfx::AbstractPartition::at(uint16_t) [with T = Screen1Presenter]	0	static
MVPApplication.hpp:161:16:PresenterType* touchgfx::makeTransition(touchgfx::Screen**, touchgfx::Presenter**, touchgfx::MVPHeap&, touchgfx::Transition**, ModelType*) [with ScreenType = Screen1View; PresenterType = Screen1Presenter; TransType = touchgfx::NoTransition; ModelType = Model]	40	static
FrontendApplicationBase.cpp:64:6:void FrontendApplicationBase::gotoScreen1ScreenNoTransitionImpl()	16	static
AbstractPartition.hpp:135:8:T& touchgfx::AbstractPartition::at(uint16_t) [with T = touchgfx::WipeTransition<touchgfx::EAST>]	0	static
WipeTransition.hpp:62:5:touchgfx::WipeTransition<templateDirection>::WipeTransition(uint8_t) [with touchgfx::Direction templateDirection = touchgfx::EAST]	24	static
MVPApplication.hpp:161:16:PresenterType* touchgfx::makeTransition(touchgfx::Screen**, touchgfx::Presenter**, touchgfx::MVPHeap&, touchgfx::Transition**, ModelType*) [with ScreenType = Screen1View; PresenterType = Screen1Presenter; TransType = touchgfx::WipeTransition<touchgfx::EAST>; ModelType = Model]	32	static
FrontendApplicationBase.cpp:75:6:void FrontendApplicationBase::gotoScreen1ScreenWipeTransitionEastImpl()	16	static
MVPApplication.hpp:161:16:PresenterType* touchgfx::makeTransition(touchgfx::Screen**, touchgfx::Presenter**, touchgfx::MVPHeap&, touchgfx::Transition**, ModelType*) [with ScreenType = Screen1_1_1View; PresenterType = Screen1_1_1Presenter; TransType = touchgfx::WipeTransition<touchgfx::EAST>; ModelType = Model]	32	static
FrontendApplicationBase.cpp:123:6:void FrontendApplicationBase::gotoScreen1_1_1ScreenWipeTransitionEastImpl()	16	static
MVPApplication.hpp:161:16:PresenterType* touchgfx::makeTransition(touchgfx::Screen**, touchgfx::Presenter**, touchgfx::MVPHeap&, touchgfx::Transition**, ModelType*) [with ScreenType = Screen3View; PresenterType = Screen3Presenter; TransType = touchgfx::WipeTransition<touchgfx::EAST>; ModelType = Model]	32	static
FrontendApplicationBase.cpp:149:6:void FrontendApplicationBase::gotoScreen3ScreenWipeTransitionEastImpl()	16	static
MVPApplication.hpp:161:16:PresenterType* touchgfx::makeTransition(touchgfx::Screen**, touchgfx::Presenter**, touchgfx::MVPHeap&, touchgfx::Transition**, ModelType*) [with ScreenType = Screen8View; PresenterType = Screen8Presenter; TransType = touchgfx::WipeTransition<touchgfx::EAST>; ModelType = Model]	32	static
FrontendApplicationBase.cpp:260:6:void FrontendApplicationBase::gotoScreen8ScreenWipeTransitionEastImpl()	16	static
MVPApplication.hpp:161:16:PresenterType* touchgfx::makeTransition(touchgfx::Screen**, touchgfx::Presenter**, touchgfx::MVPHeap&, touchgfx::Transition**, ModelType*) [with ScreenType = Screen9View; PresenterType = Screen9Presenter; TransType = touchgfx::WipeTransition<touchgfx::EAST>; ModelType = Model]	32	static
FrontendApplicationBase.cpp:273:6:void FrontendApplicationBase::gotoScreen9ScreenWipeTransitionEastImpl()	16	static
AbstractPartition.hpp:135:8:T& touchgfx::AbstractPartition::at(uint16_t) [with T = touchgfx::WipeTransition<touchgfx::WEST>]	0	static
WipeTransition.hpp:62:5:touchgfx::WipeTransition<templateDirection>::WipeTransition(uint8_t) [with touchgfx::Direction templateDirection = touchgfx::WEST]	24	static
MVPApplication.hpp:161:16:PresenterType* touchgfx::makeTransition(touchgfx::Screen**, touchgfx::Presenter**, touchgfx::MVPHeap&, touchgfx::Transition**, ModelType*) [with ScreenType = Screen1View; PresenterType = Screen1Presenter; TransType = touchgfx::WipeTransition<touchgfx::WEST>; ModelType = Model]	32	static
FrontendApplicationBase.cpp:86:6:void FrontendApplicationBase::gotoScreen1ScreenWipeTransitionWestImpl()	16	static
MVPApplication.hpp:161:16:PresenterType* touchgfx::makeTransition(touchgfx::Screen**, touchgfx::Presenter**, touchgfx::MVPHeap&, touchgfx::Transition**, ModelType*) [with ScreenType = Screen1_1View; PresenterType = Screen1_1Presenter; TransType = touchgfx::WipeTransition<touchgfx::WEST>; ModelType = Model]	32	static
FrontendApplicationBase.cpp:110:6:void FrontendApplicationBase::gotoScreen1_1ScreenWipeTransitionWestImpl()	16	static
MVPApplication.hpp:161:16:PresenterType* touchgfx::makeTransition(touchgfx::Screen**, touchgfx::Presenter**, touchgfx::MVPHeap&, touchgfx::Transition**, ModelType*) [with ScreenType = Screen2View; PresenterType = Screen2Presenter; TransType = touchgfx::WipeTransition<touchgfx::WEST>; ModelType = Model]	32	static
FrontendApplicationBase.cpp:136:6:void FrontendApplicationBase::gotoScreen2ScreenWipeTransitionWestImpl()	16	static
MVPApplication.hpp:161:16:PresenterType* touchgfx::makeTransition(touchgfx::Screen**, touchgfx::Presenter**, touchgfx::MVPHeap&, touchgfx::Transition**, ModelType*) [with ScreenType = Screen9_1View; PresenterType = Screen9_1Presenter; TransType = touchgfx::WipeTransition<touchgfx::WEST>; ModelType = Model]	32	static
FrontendApplicationBase.cpp:286:6:void FrontendApplicationBase::gotoScreen9_1ScreenWipeTransitionWestImpl()	16	static
AbstractPartition.hpp:135:8:T& touchgfx::AbstractPartition::at(uint16_t) [with T = touchgfx::WipeTransition<touchgfx::NORTH>]	0	static
WipeTransition.hpp:62:5:touchgfx::WipeTransition<templateDirection>::WipeTransition(uint8_t) [with touchgfx::Direction templateDirection = touchgfx::NORTH]	24	static
MVPApplication.hpp:161:16:PresenterType* touchgfx::makeTransition(touchgfx::Screen**, touchgfx::Presenter**, touchgfx::MVPHeap&, touchgfx::Transition**, ModelType*) [with ScreenType = Screen1View; PresenterType = Screen1Presenter; TransType = touchgfx::WipeTransition<touchgfx::NORTH>; ModelType = Model]	32	static
FrontendApplicationBase.cpp:97:6:void FrontendApplicationBase::gotoScreen1ScreenWipeTransitionNorthImpl()	16	static
MVPApplication.hpp:161:16:PresenterType* touchgfx::makeTransition(touchgfx::Screen**, touchgfx::Presenter**, touchgfx::MVPHeap&, touchgfx::Transition**, ModelType*) [with ScreenType = Screen4View; PresenterType = Screen4Presenter; TransType = touchgfx::WipeTransition<touchgfx::NORTH>; ModelType = Model]	32	static
FrontendApplicationBase.cpp:173:6:void FrontendApplicationBase::gotoScreen4ScreenWipeTransitionNorthImpl()	16	static
MVPApplication.hpp:161:16:PresenterType* touchgfx::makeTransition(touchgfx::Screen**, touchgfx::Presenter**, touchgfx::MVPHeap&, touchgfx::Transition**, ModelType*) [with ScreenType = Screen5View; PresenterType = Screen5Presenter; TransType = touchgfx::WipeTransition<touchgfx::NORTH>; ModelType = Model]	32	static
FrontendApplicationBase.cpp:197:6:void FrontendApplicationBase::gotoScreen5ScreenWipeTransitionNorthImpl()	16	static
MVPApplication.hpp:161:16:PresenterType* touchgfx::makeTransition(touchgfx::Screen**, touchgfx::Presenter**, touchgfx::MVPHeap&, touchgfx::Transition**, ModelType*) [with ScreenType = Screen7View; PresenterType = Screen7Presenter; TransType = touchgfx::WipeTransition<touchgfx::NORTH>; ModelType = Model]	32	static
FrontendApplicationBase.cpp:236:6:void FrontendApplicationBase::gotoScreen7ScreenWipeTransitionNorthImpl()	16	static
MVPApplication.hpp:161:16:PresenterType* touchgfx::makeTransition(touchgfx::Screen**, touchgfx::Presenter**, touchgfx::MVPHeap&, touchgfx::Transition**, ModelType*) [with ScreenType = Screen8View; PresenterType = Screen8Presenter; TransType = touchgfx::WipeTransition<touchgfx::NORTH>; ModelType = Model]	32	static
FrontendApplicationBase.cpp:249:6:void FrontendApplicationBase::gotoScreen8ScreenWipeTransitionNorthImpl()	16	static
AbstractPartition.hpp:135:8:T& touchgfx::AbstractPartition::at(uint16_t) [with T = touchgfx::WipeTransition<touchgfx::SOUTH>]	0	static
WipeTransition.hpp:62:5:touchgfx::WipeTransition<templateDirection>::WipeTransition(uint8_t) [with touchgfx::Direction templateDirection = touchgfx::SOUTH]	24	static
MVPApplication.hpp:161:16:PresenterType* touchgfx::makeTransition(touchgfx::Screen**, touchgfx::Presenter**, touchgfx::MVPHeap&, touchgfx::Transition**, ModelType*) [with ScreenType = Screen4View; PresenterType = Screen4Presenter; TransType = touchgfx::WipeTransition<touchgfx::SOUTH>; ModelType = Model]	32	static
FrontendApplicationBase.cpp:162:6:void FrontendApplicationBase::gotoScreen4ScreenWipeTransitionSouthImpl()	16	static
MVPApplication.hpp:161:16:PresenterType* touchgfx::makeTransition(touchgfx::Screen**, touchgfx::Presenter**, touchgfx::MVPHeap&, touchgfx::Transition**, ModelType*) [with ScreenType = Screen5View; PresenterType = Screen5Presenter; TransType = touchgfx::WipeTransition<touchgfx::SOUTH>; ModelType = Model]	32	static
FrontendApplicationBase.cpp:186:6:void FrontendApplicationBase::gotoScreen5ScreenWipeTransitionSouthImpl()	16	static
MVPApplication.hpp:161:16:PresenterType* touchgfx::makeTransition(touchgfx::Screen**, touchgfx::Presenter**, touchgfx::MVPHeap&, touchgfx::Transition**, ModelType*) [with ScreenType = Screen5_1View; PresenterType = Screen5_1Presenter; TransType = touchgfx::WipeTransition<touchgfx::SOUTH>; ModelType = Model]	32	static
FrontendApplicationBase.cpp:210:6:void FrontendApplicationBase::gotoScreen5_1ScreenWipeTransitionSouthImpl()	16	static
MVPApplication.hpp:161:16:PresenterType* touchgfx::makeTransition(touchgfx::Screen**, touchgfx::Presenter**, touchgfx::MVPHeap&, touchgfx::Transition**, ModelType*) [with ScreenType = Screen6View; PresenterType = Screen6Presenter; TransType = touchgfx::WipeTransition<touchgfx::SOUTH>; ModelType = Model]	32	static
FrontendApplicationBase.cpp:223:6:void FrontendApplicationBase::gotoScreen6ScreenWipeTransitionSouthImpl()	16	static
