Drawable.hpp:132:23:virtual touchgfx::Drawable* touchgfx::Drawable::getFirstChild()	0	static
Drawable.hpp:298:18:virtual void touchgfx::Drawable::setX(int16_t)	0	static
Drawable.hpp:310:18:virtual void touchgfx::Drawable::setY(int16_t)	0	static
Drawable.hpp:339:18:virtual void touchgfx::Drawable::setWidth(int16_t)	0	static
Drawable.hpp:351:18:virtual void touchgfx::Drawable::setHeight(int16_t)	0	static
Drawable.hpp:361:18:virtual void touchgfx::Drawable::childGeometryChanged()	0	static
Drawable.hpp:372:18:virtual void touchgfx::Drawable::handleClickEvent(const touchgfx::ClickEvent&)	0	static
Drawable.hpp:383:18:virtual void touchgfx::Drawable::handleGestureEvent(const touchgfx::GestureEvent&)	0	static
Drawable.hpp:471:18:virtual void touchgfx::Drawable::handleDragEvent(const touchgfx::DragEvent&)	0	static
Drawable.hpp:481:18:virtual void touchgfx::Drawable::handleTickEvent()	0	static
Drawable.hpp:568:18:virtual void touchgfx::Drawable::moveTo(int16_t, int16_t)	4	static
Drawable.hpp:683:18:virtual void touchgfx::Drawable::setupDrawChain(const touchgfx::Rect&, touchgfx::Drawable**)	0	static
Container.hpp:165:23:virtual touchgfx::Drawable* touchgfx::Container::getFirstChild()	0	static
Screen.hpp:93:18:virtual void touchgfx::Screen::setupScreen()	0	static
Screen.hpp:104:18:virtual void touchgfx::Screen::afterTransition()	0	static
Screen.hpp:115:18:virtual void touchgfx::Screen::tearDownScreen()	0	static
Screen.hpp:144:18:virtual void touchgfx::Screen::handleTickEvent()	0	static
Screen.hpp:154:18:virtual void touchgfx::Screen::handleKeyEvent(uint8_t)	0	static
Widget.hpp:47:18:virtual void touchgfx::Widget::getLastChild(int16_t, int16_t, touchgfx::Drawable**)	0	static
TypedText.hpp:65:13:touchgfx::TypedText::~TypedText()	0	static
AbstractButtonContainer.hpp:114:18:virtual void touchgfx::AbstractButtonContainer::handlePressedUpdated()	0	static
AbstractButtonContainer.hpp:119:18:virtual void touchgfx::AbstractButtonContainer::handleAlphaUpdated()	0	static
AbstractButtonContainer.hpp:34:7:touchgfx::AbstractButtonContainer::~AbstractButtonContainer()	0	static
TouchButtonTrigger.hpp:47:18:virtual void touchgfx::TouchButtonTrigger::handleClickEvent(const touchgfx::ClickEvent&)	16	static
View.hpp:36:7:touchgfx::View<Screen3Presenter>::~View()	0	static
Screen3ViewBase.hpp:21:13:Screen3ViewBase::~Screen3ViewBase()	0	static
Screen3ViewBase.hpp:28:18:virtual void Screen3ViewBase::Zid1_x()	0	static
Screen3ViewBase.hpp:33:18:virtual void Screen3ViewBase::Nakass1_x()	0	static
Screen3ViewBase.hpp:38:18:virtual void Screen3ViewBase::Nakass10_x()	0	static
Screen3ViewBase.hpp:43:18:virtual void Screen3ViewBase::Zid10_x()	0	static
Screen3ViewBase.hpp:48:18:virtual void Screen3ViewBase::Nakass100_x()	0	static
Screen3ViewBase.hpp:53:18:virtual void Screen3ViewBase::Zid100_x()	0	static
Screen3ViewBase.hpp:58:18:virtual void Screen3ViewBase::Nakass1000_x()	0	static
Screen3ViewBase.hpp:63:18:virtual void Screen3ViewBase::Zid1000_x()	0	static
Screen3ViewBase.hpp:68:18:virtual void Screen3ViewBase::Zid1_y()	0	static
Screen3ViewBase.hpp:73:18:virtual void Screen3ViewBase::Zid10_y()	0	static
Screen3ViewBase.hpp:78:18:virtual void Screen3ViewBase::Zid100_y()	0	static
Screen3ViewBase.hpp:83:18:virtual void Screen3ViewBase::Zid1000_y()	0	static
Screen3ViewBase.hpp:88:18:virtual void Screen3ViewBase::Nakass1_y()	0	static
Screen3ViewBase.hpp:93:18:virtual void Screen3ViewBase::Nakass10_y()	0	static
Screen3ViewBase.hpp:98:18:virtual void Screen3ViewBase::Nakass100_y()	0	static
Screen3ViewBase.hpp:103:18:virtual void Screen3ViewBase::Nakass1000_y()	0	static
Screen3ViewBase.hpp:108:18:virtual void Screen3ViewBase::Zid1R()	0	static
Screen3ViewBase.hpp:113:18:virtual void Screen3ViewBase::Nakass1R()	0	static
Screen3ViewBase.hpp:118:18:virtual void Screen3ViewBase::Go()	0	static
Screen3ViewBase.hpp:123:18:virtual void Screen3ViewBase::Rotate()	0	static
Screen3ViewBase.hpp:128:18:virtual void Screen3ViewBase::SetTestingRobotSghir()	0	static
Screen3ViewBase.cpp:252:6:virtual void Screen3ViewBase::setupScreen()	0	static
Screen3ViewBase.cpp:258:6:virtual void Screen3ViewBase::afterTransition()	0	static
TouchButtonTrigger.hpp:35:7:touchgfx::TouchButtonTrigger::~TouchButtonTrigger()	0	static
BoxWithBorderButtonStyle.hpp:123:18:void touchgfx::BoxWithBorderButtonStyle<T>::handlePressedUpdated() [with T = touchgfx::TouchButtonTrigger]	0	static
Callback.hpp:357:8:touchgfx::Callback<Screen3ViewBase, const touchgfx::AbstractButtonContainer&>::~Callback()	0	static
BoxWithBorderButtonStyle.hpp:41:7:touchgfx::BoxWithBorderButtonStyle<touchgfx::TouchButtonTrigger>::~BoxWithBorderButtonStyle()	0	static
ImageButtonStyle.hpp:45:7:touchgfx::ImageButtonStyle<touchgfx::TouchButtonTrigger>::~ImageButtonStyle()	0	static
Callback.hpp:386:18:void touchgfx::Callback<dest_type, T1, void, void>::execute(T1) [with dest_type = Screen3ViewBase; T1 = const touchgfx::AbstractButtonContainer&]	8	static
Callback.hpp:396:18:bool touchgfx::Callback<dest_type, T1, void, void>::isValid() const [with dest_type = Screen3ViewBase; T1 = const touchgfx::AbstractButtonContainer&]	0	static
BoxWithBorderButtonStyle.hpp:131:18:void touchgfx::BoxWithBorderButtonStyle<T>::handleAlphaUpdated() [with T = touchgfx::TouchButtonTrigger]	0	static
ImageButtonStyle.hpp:104:18:void touchgfx::ImageButtonStyle<T>::handleAlphaUpdated() [with T = touchgfx::TouchButtonTrigger]	0	static
ImageButtonStyle.hpp:97:18:void touchgfx::ImageButtonStyle<T>::handlePressedUpdated() [with T = touchgfx::TouchButtonTrigger]	0	static
TypedText.hpp:65:13:virtual touchgfx::TypedText::~TypedText()	8	static
View.hpp:36:7:virtual touchgfx::View<Screen3Presenter>::~View()	8	static
AbstractButtonContainer.hpp:34:7:virtual touchgfx::AbstractButtonContainer::~AbstractButtonContainer()	8	static
TouchButtonTrigger.hpp:35:7:virtual touchgfx::TouchButtonTrigger::~TouchButtonTrigger()	8	static
ImageButtonStyle.hpp:45:7:virtual touchgfx::ImageButtonStyle<touchgfx::TouchButtonTrigger>::~ImageButtonStyle()	8	static
BoxWithBorderButtonStyle.hpp:41:7:virtual touchgfx::BoxWithBorderButtonStyle<touchgfx::TouchButtonTrigger>::~BoxWithBorderButtonStyle()	8	static
Callback.hpp:357:8:virtual touchgfx::Callback<Screen3ViewBase, const touchgfx::AbstractButtonContainer&>::~Callback()	8	static
Screen3ViewBase.hpp:21:13:virtual Screen3ViewBase::~Screen3ViewBase()	8	static
AbstractButtonContainer.hpp:99:18:virtual void touchgfx::AbstractButtonContainer::executeAction()	8	static
Screen3ViewBase.cpp:266:6:void Screen3ViewBase::flexButtonCallbackHandler(const touchgfx::AbstractButtonContainer&)	8	static
Drawable.hpp:48:5:touchgfx::Drawable::Drawable()	0	static
Drawable.hpp:326:10:void touchgfx::Drawable::setXY(int16_t, int16_t)	16	static
Drawable.hpp:394:10:void touchgfx::Drawable::setWidthHeight(int16_t, int16_t)	16	static
Drawable.hpp:216:10:void touchgfx::Drawable::setPosition(int16_t, int16_t, int16_t, int16_t)	16	static
ImageButtonStyle.hpp:61:18:void touchgfx::ImageButtonStyle<T>::setBitmaps(const touchgfx::Bitmap&, const touchgfx::Bitmap&) [with T = touchgfx::TouchButtonTrigger]	16	static
Container.hpp:43:5:touchgfx::Container::Container()	8	static
Box.hpp:33:5:touchgfx::Box::Box()	8	static
TextArea.hpp:42:5:touchgfx::TextArea::TextArea()	8	static
ImageButtonStyle.hpp:48:5:touchgfx::ImageButtonStyle<T>::ImageButtonStyle() [with T = touchgfx::TouchButtonTrigger]	32	static
BoxWithBorderButtonStyle.hpp:44:5:touchgfx::BoxWithBorderButtonStyle<T>::BoxWithBorderButtonStyle() [with T = touchgfx::TouchButtonTrigger]	16	static
Screen3ViewBase.cpp:9:1:Screen3ViewBase::Screen3ViewBase()	224	static
